===================================================================
     GIT ADVANCED MULTI-BRANCH ORCHESTRATION & RECONCILIATION LOGS
===================================================================

1. SYSTEM CONCEPT & MULTI-BRANCH TOPOLOGY
------------------------------------------
In modern software factories, parallel feature developments happen inside isolated
sandboxed streams called "Branches". This protects the core production line (main branch)
from breaking due to untested code cycles.

Branch Tree Topology Executed:
         ┌──► feature-login (Login feature code layer)
         │
  main ──┼
         │
         └──► feature-dashboard (Dashboard feature code layer)

2. CORE COMMAND MATRIX & SYSTEM HANDSHAKES
------------------------------------------
# Initializing the Local Git Framework Runtime Engine:
$ git init
$ git branch -M main
$ git add .
$ git commit -m "Initial commit: Added all infrastructure master manuals"

# Establishing Multi-Branch Isolation Segments:
$ git checkout -b feature-login
$ git checkout main
$ git checkout -b feature-dashboard

3. INDEPENDENT CONFLICT CODES INJECTION
---------------------------------------
Action: Modified the exact same target artifact (index.html) across both feature branches
to intentionally force a system configuration clash.

* Segment A (Inside feature-login branch):
  $ git checkout feature-login
  $ echo '<h1>🚀 Login Page Live Hai, Bhai!</h1>' > index.html
  $ git add index.html && git commit -m "Added login feature text"

* Segment B (Inside feature-dashboard branch):
  $ git checkout feature-dashboard
  $ echo '<h1>📊 Dashboard System Live Hai, Bhai!</h1>' > index.html
  $ git add index.html && git commit -m "Added dashboard feature text"

4. PIPELINE MERGE CRASH EXPLOSION (The Conflict Event)
------------------------------------------------------
$ git checkout main
$ git merge feature-login         --> [STATUS: SUCCESS - Fast-Forwarded Seamlessly]
$ git merge feature-dashboard     --> [STATUS: CRASHED - EXPLOSION TRIGGERED]

Terminal Error Output Captured:
  Auto-merging index.html
  CONFLICT (add/add): Merge conflict in index.html
  Automatic merge failed; fix conflicts and then commit the result.

5. MANUAL RECONCILIATION & CLEAN-UP MATRIX
-------------------------------------------
Git injected programmatic boundary markers inside the raw file descriptor block:
<<<<<<< HEAD (Current local main code)
======= (The boundary split)
>>>>>>> feature-dashboard (Incoming conflicting branch payload)

Resolution Action: Overwrote the index.html artifact utilizing strict POSIX single-quotes
literal parsing rules to circumvent Bash History Expansion (!) failures:

$ echo '<h1>🚀 Login Page Live Hai, Bhai!</h1>
<h1>📊 Dashboard System Live Hai, Bhai!</h1>' > index.html

# Finalizing the Infrastructure Lifecycle State:
$ git add index.html
$ git commit -m "Resolved merge conflict in index.html by combining both login and dashboard sections seamlessly"

6. FINAL REPOSITORY VERIFICATION
---------------------------------
$ git status
On branch main
nothing to commit, working tree clean

===================================================================
STATUS: Git Branching & Live Conflict Resolution Matrix 100% COMPLETE.
===================================================================
